Archive member included to satisfy reference by file (symbol)

C:/ST/STM32CubeIDE_1.18.1/STM32CubeIDE/plugins/com.st.stm32cube.ide.mcu.externaltools.gnu-tools-for-stm32.13.3.rel1.win32_1.0.0.202411081344/tools/bin/../lib/gcc/arm-none-eabi/13.3.1/../../../../arm-none-eabi/lib/thumb/v7e-m+dp/hard\libc_nano.a(libc_a-exit.o)
                              C:/ST/STM32CubeIDE_1.18.1/STM32CubeIDE/plugins/com.st.stm32cube.ide.mcu.externaltools.gnu-tools-for-stm32.13.3.rel1.win32_1.0.0.202411081344/tools/bin/../lib/gcc/arm-none-eabi/13.3.1/../../../../arm-none-eabi/lib/thumb/v7e-m+dp/hard/crt0.o (exit)
C:/ST/STM32CubeIDE_1.18.1/STM32CubeIDE/plugins/com.st.stm32cube.ide.mcu.externaltools.gnu-tools-for-stm32.13.3.rel1.win32_1.0.0.202411081344/tools/bin/../lib/gcc/arm-none-eabi/13.3.1/../../../../arm-none-eabi/lib/thumb/v7e-m+dp/hard\libc_nano.a(libc_a-findfp.o)
                              C:/ST/STM32CubeIDE_1.18.1/STM32CubeIDE/plugins/com.st.stm32cube.ide.mcu.externaltools.gnu-tools-for-stm32.13.3.rel1.win32_1.0.0.202411081344/tools/bin/../lib/gcc/arm-none-eabi/13.3.1/../../../../arm-none-eabi/lib/thumb/v7e-m+dp/hard\libc_nano.a(libc_a-exit.o) (__stdio_exit_handler)
C:/ST/STM32CubeIDE_1.18.1/STM32CubeIDE/plugins/com.st.stm32cube.ide.mcu.externaltools.gnu-tools-for-stm32.13.3.rel1.win32_1.0.0.202411081344/tools/bin/../lib/gcc/arm-none-eabi/13.3.1/../../../../arm-none-eabi/lib/thumb/v7e-m+dp/hard\libc_nano.a(libc_a-fwalk.o)
                              C:/ST/STM32CubeIDE_1.18.1/STM32CubeIDE/plugins/com.st.stm32cube.ide.mcu.externaltools.gnu-tools-for-stm32.13.3.rel1.win32_1.0.0.202411081344/tools/bin/../lib/gcc/arm-none-eabi/13.3.1/../../../../arm-none-eabi/lib/thumb/v7e-m+dp/hard\libc_nano.a(libc_a-findfp.o) (_fwalk_sglue)
C:/ST/STM32CubeIDE_1.18.1/STM32CubeIDE/plugins/com.st.stm32cube.ide.mcu.externaltools.gnu-tools-for-stm32.13.3.rel1.win32_1.0.0.202411081344/tools/bin/../lib/gcc/arm-none-eabi/13.3.1/../../../../arm-none-eabi/lib/thumb/v7e-m+dp/hard\libc_nano.a(libc_a-stdio.o)
                              C:/ST/STM32CubeIDE_1.18.1/STM32CubeIDE/plugins/com.st.stm32cube.ide.mcu.externaltools.gnu-tools-for-stm32.13.3.rel1.win32_1.0.0.202411081344/tools/bin/../lib/gcc/arm-none-eabi/13.3.1/../../../../arm-none-eabi/lib/thumb/v7e-m+dp/hard\libc_nano.a(libc_a-findfp.o) (__sread)
C:/ST/STM32CubeIDE_1.18.1/STM32CubeIDE/plugins/com.st.stm32cube.ide.mcu.externaltools.gnu-tools-for-stm32.13.3.rel1.win32_1.0.0.202411081344/tools/bin/../lib/gcc/arm-none-eabi/13.3.1/../../../../arm-none-eabi/lib/thumb/v7e-m+dp/hard\libc_nano.a(libc_a-memset.o)
                              C:/ST/STM32CubeIDE_1.18.1/STM32CubeIDE/plugins/com.st.stm32cube.ide.mcu.externaltools.gnu-tools-for-stm32.13.3.rel1.win32_1.0.0.202411081344/tools/bin/../lib/gcc/arm-none-eabi/13.3.1/../../../../arm-none-eabi/lib/thumb/v7e-m+dp/hard/crt0.o (memset)
C:/ST/STM32CubeIDE_1.18.1/STM32CubeIDE/plugins/com.st.stm32cube.ide.mcu.externaltools.gnu-tools-for-stm32.13.3.rel1.win32_1.0.0.202411081344/tools/bin/../lib/gcc/arm-none-eabi/13.3.1/../../../../arm-none-eabi/lib/thumb/v7e-m+dp/hard\libc_nano.a(libc_a-closer.o)
                              C:/ST/STM32CubeIDE_1.18.1/STM32CubeIDE/plugins/com.st.stm32cube.ide.mcu.externaltools.gnu-tools-for-stm32.13.3.rel1.win32_1.0.0.202411081344/tools/bin/../lib/gcc/arm-none-eabi/13.3.1/../../../../arm-none-eabi/lib/thumb/v7e-m+dp/hard\libc_nano.a(libc_a-stdio.o) (_close_r)
C:/ST/STM32CubeIDE_1.18.1/STM32CubeIDE/plugins/com.st.stm32cube.ide.mcu.externaltools.gnu-tools-for-stm32.13.3.rel1.win32_1.0.0.202411081344/tools/bin/../lib/gcc/arm-none-eabi/13.3.1/../../../../arm-none-eabi/lib/thumb/v7e-m+dp/hard\libc_nano.a(libc_a-reent.o)
                              C:/ST/STM32CubeIDE_1.18.1/STM32CubeIDE/plugins/com.st.stm32cube.ide.mcu.externaltools.gnu-tools-for-stm32.13.3.rel1.win32_1.0.0.202411081344/tools/bin/../lib/gcc/arm-none-eabi/13.3.1/../../../../arm-none-eabi/lib/thumb/v7e-m+dp/hard\libc_nano.a(libc_a-closer.o) (errno)
C:/ST/STM32CubeIDE_1.18.1/STM32CubeIDE/plugins/com.st.stm32cube.ide.mcu.externaltools.gnu-tools-for-stm32.13.3.rel1.win32_1.0.0.202411081344/tools/bin/../lib/gcc/arm-none-eabi/13.3.1/../../../../arm-none-eabi/lib/thumb/v7e-m+dp/hard\libc_nano.a(libc_a-impure.o)
                              C:/ST/STM32CubeIDE_1.18.1/STM32CubeIDE/plugins/com.st.stm32cube.ide.mcu.externaltools.gnu-tools-for-stm32.13.3.rel1.win32_1.0.0.202411081344/tools/bin/../lib/gcc/arm-none-eabi/13.3.1/../../../../arm-none-eabi/lib/thumb/v7e-m+dp/hard\libc_nano.a(libc_a-reent.o) (_impure_ptr)
C:/ST/STM32CubeIDE_1.18.1/STM32CubeIDE/plugins/com.st.stm32cube.ide.mcu.externaltools.gnu-tools-for-stm32.13.3.rel1.win32_1.0.0.202411081344/tools/bin/../lib/gcc/arm-none-eabi/13.3.1/../../../../arm-none-eabi/lib/thumb/v7e-m+dp/hard\libc_nano.a(libc_a-lseekr.o)
[...]
Memory Configuration

Name             Origin             Length             Attributes
FLASH            0x08000000         0x00200000         xr
DTCMRAM          0x20000000         0x00020000         xrw
RAM_D1           0x24000000         0x00080000         xrw
RAM_D2           0x30000000         0x00048000         xrw
RAM_D3           0x38000000         0x00010000         xrw
ITCMRAM          0x00000000         0x00010000         xrw
*default*        0x00000000         0xffffffff

Linker script and memory map

LOAD C:/ST/STM32CubeIDE_1.18.1/STM32CubeIDE/plugins/com.st.stm32cube.ide.mcu.externaltools.gnu-tools-for-stm32.13.3.rel1.win32_1.0.0.202411081344/tools/bin/../lib/gcc/arm-none-eabi/13.3.1/thumb/v7e-m+dp/hard/crti.o
LOAD C:/ST/STM32CubeIDE_1.18.1/STM32CubeIDE/plugins/com.st.stm32cube.ide.mcu.externaltools.gnu-tools-for-stm32.13.3.rel1.win32_1.0.0.202411081344/tools/bin/../lib/gcc/arm-none-eabi/13.3.1/thumb/v7e-m+dp/hard/crtbegin.o
LOAD C:/ST/STM32CubeIDE_1.18.1/STM32CubeIDE/plugins/com.st.stm32cube.ide.mcu.externaltools.gnu-tools-for-stm32.13.3.rel1.win32_1.0.0.202411081344/tools/bin/../lib/gcc/arm-none-eabi/13.3.1/../../../../arm-none-eabi/lib/thumb/v7e-m+dp/hard/crt0.o
LOAD ./Core/Src/control/rpm.o
LOAD ./Core/Src/ecu/ecu.o
LOAD ./Core/Src/main.o
LOAD ./Core/Src/stm32h7xx_hal_msp.o
LOAD ./Core/Src/stm32h7xx_it.o
LOAD ./Core/Src/syscalls.o
LOAD ./Core/Src/sysmem.o
LOAD ./Core/Src/system_stm32h7xx.o
LOAD ./Core/Src/sensores/calibracion/calibracion.o
LOAD ./Core/Src/sensores/sensores.o
LOAD ./Core/Startup/startup_stm32h743vitx.o
LOAD ./Drivers/STM32H7xx_HAL_Driver/Src/stm32h7xx_hal.o
LOAD ./Drivers/STM32H7xx_HAL_Driver/Src/stm32h7xx_hal_adc.o
LOAD ./Drivers/STM32H7xx_HAL_Driver/Src/stm32h7xx_hal_adc_ex.o
LOAD ./Drivers/STM32H7xx_HAL_Driver/Src/stm32h7xx_hal_cortex.o
LOAD ./Drivers/STM32H7xx_HAL_Driver/Src/stm32h7xx_hal_dma.o
LOAD ./Drivers/STM32H7xx_HAL_Driver/Src/stm32h7xx_hal_dma_ex.o
LOAD ./Drivers/STM32H7xx_HAL_Driver/Src/stm32h7xx_hal_exti.o
LOAD ./Drivers/STM32H7xx_HAL_Driver/Src/stm32h7xx_hal_flash.o
LOAD ./Drivers/STM32H7xx_HAL_Driver/Src/stm32h7xx_hal_flash_ex.o
LOAD ./Drivers/STM32H7xx_HAL_Driver/Src/stm32h7xx_hal_gpio.o
LOAD ./Drivers/STM32H7xx_HAL_Driver/Src/stm32h7xx_hal_hsem.o
LOAD ./Drivers/STM32H7xx_HAL_Driver/Src/stm32h7xx_hal_i2c.o
LOAD ./Drivers/STM32H7xx_HAL_Driver/Src/stm32h7xx_hal_i2c_ex.o
LOAD ./Drivers/STM32H7xx_HAL_Driver/Src/stm32h7xx_hal_mdma.o
LOAD ./Drivers/STM32H7xx_HAL_Driver/Src/stm32h7xx_hal_pwr.o
LOAD ./Drivers/STM32H7xx_HAL_Driver/Src/stm32h7xx_hal_pwr_ex.o
LOAD ./Drivers/STM32H7xx_HAL_Driver/Src/stm32h7xx_hal_rcc.o
LOAD ./Drivers/STM32H7xx_HAL_Driver/Src/stm32h7xx_hal_rcc_ex.o
LOAD ./Drivers/STM32H7xx_HAL_Driver/Src/stm32h7xx_hal_tim.o
LOAD ./Drivers/STM32H7xx_HAL_Driver/Src/stm32h7xx_hal_tim_ex.o
START GROUP
LOAD C:/ST/STM32CubeIDE_1.18.1/STM32CubeIDE/plugins/com.st.stm32cube.ide.mcu.externaltools.gnu-tools-for-stm32.13.3.rel1.win32_1.0.0.202411081344/tools/bin/../lib/gcc/arm-none-eabi/13.3.1/../../../../arm-none-eabi/lib/thumb/v7e-m+dp/hard\libc_nano.a
LOAD C:/ST/STM32CubeIDE_1.18.1/STM32CubeIDE/plugins/com.st.stm32cube.ide.mcu.externaltools.gnu-tools-for-stm32.13.3.rel1.win32_1.0.0.202411081344/tools/bin/../lib/gcc/arm-none-eabi/13.3.1/../../../../arm-none-eabi/lib/thumb/v7e-m+dp/hard\libm.a
END GROUP
START GROUP
LOAD C:/ST/STM32CubeIDE_1.18.1/STM32CubeIDE/plugins/com.st.stm32cube.ide.mcu.externaltools.gnu-tools-for-stm32.13.3.rel1.win32_1.0.0.202411081344/tools/bin/../lib/gcc/arm-none-eabi/13.3.1/thumb/v7e-m+dp/hard\libgcc.a
LOAD C:/ST/STM32CubeIDE_1.18.1/STM32CubeIDE/plugins/com.st.stm32cube.ide.mcu.externaltools.gnu-tools-for-stm32.13.3.rel1.win32_1.0.0.202411081344/tools/bin/../lib/gcc/arm-none-eabi/13.3.1/../../../../arm-none-eabi/lib/thumb/v7e-m+dp/hard\libc_nano.a
END GROUP
START GROUP
LOAD C:/ST/STM32CubeIDE_1.18.1/STM32CubeIDE/plugins/com.st.stm32cube.ide.mcu.externaltools.gnu-tools-for-stm32.13.3.rel1.win32_1.0.0.202411081344/tools/bin/../lib/gcc/arm-none-eabi/13.3.1/thumb/v7e-m+dp/hard\libgcc.a
LOAD C:/ST/STM32CubeIDE_1.18.1/STM32CubeIDE/plugins/com.st.stm32cube.ide.mcu.externaltools.gnu-tools-for-stm32.13.3.rel1.win32_1.0.0.202411081344/tools/bin/../lib/gcc/arm-none-eabi/13.3.1/../../../../arm-none-eabi/lib/thumb/v7e-m+dp/hard\libc_nano.a
LOAD C:/ST/STM32CubeIDE_1.18.1/STM32CubeIDE/plugins/com.st.stm32cube.ide.mcu.externaltools.gnu-tools-for-stm32.13.3.rel1.win32_1.0.0.202411081344/tools/bin/../lib/gcc/arm-none-eabi/13.3.1/../../../../arm-none-eabi/lib/thumb/v7e-m+dp/hard\libnosys.a
END GROUP
START GROUP
LOAD C:/ST/STM32CubeIDE_1.18.1/STM32CubeIDE/plugins/com.st.stm32cube.ide.mcu.externaltools.gnu-tools-for-stm32.13.3.rel1.win32_1.0.0.202411081344/tools/bin/../lib/gcc/arm-none-eabi/13.3.1/thumb/v7e-m+dp/hard\libgcc.a
LOAD C:/ST/STM32CubeIDE_1.18.1/STM32CubeIDE/plugins/com.st.stm32cube.ide.mcu.externaltools.gnu-tools-for-stm32.13.3.rel1.win32_1.0.0.202411081344/tools/bin/../lib/gcc/arm-none-eabi/13.3.1/../../../../arm-none-eabi/lib/thumb/v7e-m+dp/hard\libc_nano.a
LOAD C:/ST/STM32CubeIDE_1.18.1/STM32CubeIDE/plugins/com.st.stm32cube.ide.mcu.externaltools.gnu-tools-for-stm32.13.3.rel1.win32_1.0.0.202411081344/tools/bin/../lib/gcc/arm-none-eabi/13.3.1/../../../../arm-none-eabi/lib/thumb/v7e-m+dp/hard\libnosys.a
END GROUP
LOAD C:/ST/STM32CubeIDE_1.18.1/STM32CubeIDE/plugins/com.st.stm32cube.ide.mcu.externaltools.gnu-tools-for-stm32.13.3.rel1.win32_1.0.0.202411081344/tools/bin/../lib/gcc/arm-none-eabi/13.3.1/thumb/v7e-m+dp/hard/crtend.o
LOAD C:/ST/STM32CubeIDE_1.18.1/STM32CubeIDE/plugins/com.st.stm32cube.ide.mcu.externaltools.gnu-tools-for-stm32.13.3.rel1.win32_1.0.0.202411081344/tools/bin/../lib/gcc/arm-none-eabi/13.3.1/thumb/v7e-m+dp/hard/crtn.o
                0x24080000                        _estack = (ORIGIN (RAM_D1) + LENGTH (RAM_D1))
                0x00000200                        _Min_Heap_Size = 0x200
                0x00000400                        _Min_Stack_Size = 0x400

.isr_vector     0x08000000      0x298
                0x08000000                        . = ALIGN (0x4)
 *(.isr_vector)
 .isr_vector    0x08000000      0x298 ./Core/Startup/startup_stm32h743vitx.o
                0x08000000                g_pfnVectors
                0x08000298                        . = ALIGN (0x4)

.text           0x08000298     0x9b04
                0x08000298                        . = ALIGN (0x4)
 *(.text)
 .text          0x08000298       0x40 C:/ST/STM32CubeIDE_1.18.1/STM32CubeIDE/plugins/com.st.stm32cube.ide.mcu.externaltools.gnu-tools-for-stm32.13.3.rel1.win32_1.0.0.202411081344/tools/bin/../lib/gcc/arm-none-eabi/13.3.1/thumb/v7e-m+dp/hard/crtbegin.o
 *(.text*)
 .text.rpm_capture_callback
                0x080002d8       0x88 ./Core/Src/control/rpm.o
                0x080002d8                rpm_capture_callback
 .text.rpm_timeout_update
                0x08000360       0x38 ./Core/Src/control/rpm.o
                0x08000360                rpm_timeout_update
 .text.ecu_init
                0x08000398        0xc ./Core/Src/ecu/ecu.o
                0x08000398                ecu_init
 .text.ecu_loop
                0x080003a4       0x7c ./Core/Src/ecu/ecu.o
                0x080003a4                ecu_loop
 .text.main     0x08000420       0x58 ./Core/Src/main.o
                0x08000420                main
 .text.SystemClock_Config
                0x08000478       0xe4 ./Core/Src/main.o
                0x08000478                SystemClock_Config
 .text.MX_ADC1_Init
                0x0800055c      0x138 ./Core/Src/main.o
 .text.MX_TIM2_Init
                0x08000694       0xe0 ./Core/Src/main.o
 .text.MX_TIM6_Init
                0x08000774       0x6c ./Core/Src/main.o
 .text.MX_DMA_Init
                0x080007e0       0x40 ./Core/Src/main.o
 .text.MX_GPIO_Init
                0x08000820      0x110 ./Core/Src/main.o
 .text.HAL_TIM_PeriodElapsedCallback
                0x08000930       0x2c ./Core/Src/main.o
                0x08000930                HAL_TIM_PeriodElapsedCallback
 .text.HAL_TIM_IC_CaptureCallback
                0x0800095c       0x2a ./Core/Src/main.o
                0x0800095c                HAL_TIM_IC_CaptureCallback
 .text.MPU_Config
                0x08000986       0x58 ./Core/Src/main.o
 .text.Error_Handler
                0x080009de        0xc ./Core/Src/main.o
                0x080009de                Error_Handler
 *fill*         0x080009ea        0x2 
 .text.HAL_MspInit
                0x080009ec       0x34 ./Core/Src/stm32h7xx_hal_msp.o
                0x080009ec                HAL_MspInit
 .text.HAL_ADC_MspInit
                0x08000a20      0x1d0 ./Core/Src/stm32h7xx_hal_msp.o
                0x08000a20                HAL_ADC_MspInit
 .text.HAL_TIM_Base_MspInit
                0x08000bf0      0x120 ./Core/Src/stm32h7xx_hal_msp.o
                0x08000bf0                HAL_TIM_Base_MspInit
 .text.NMI_Handler
                0x08000d10        0x8 ./Core/Src/stm32h7xx_it.o
                0x08000d10                NMI_Handler
 .text.HardFault_Handler
                0x08000d18        0x8 ./Core/Src/stm32h7xx_it.o
                0x08000d18                HardFault_Handler
 .text.MemManage_Handler
                0x08000d20        0x8 ./Core/Src/stm32h7xx_it.o
                0x08000d20                MemManage_Handler
 .text.BusFault_Handler
                0x08000d28        0x8 ./Core/Src/stm32h7xx_it.o
                0x08000d28                BusFault_Handler
 .text.UsageFault_Handler
                0x08000d30        0x8 ./Core/Src/stm32h7xx_it.o
                0x08000d30                UsageFault_Handler
 .text.SVC_Handler
                0x08000d38        0xe ./Core/Src/stm32h7xx_it.o
                0x08000d38                SVC_Handler
 .text.DebugMon_Handler
                0x08000d46        0xe ./Core/Src/stm32h7xx_it.o
                0x08000d46                DebugMon_Handler
 .text.PendSV_Handler
                0x08000d54        0xe ./Core/Src/stm32h7xx_it.o
                0x08000d54                PendSV_Handler
 .text.SysTick_Handler
                0x08000d62        0xc ./Core/Src/stm32h7xx_it.o
                0x08000d62                SysTick_Handler
 *fill*         0x08000d6e        0x2 
 .text.DMA1_Stream0_IRQHandler
                0x08000d70       0x14 ./Core/Src/stm32h7xx_it.o
                0x08000d70                DMA1_Stream0_IRQHandler
 .text.TIM2_IRQHandler
                0x08000d84       0x14 ./Core/Src/stm32h7xx_it.o
                0x08000d84                TIM2_IRQHandler
 .text.TIM6_DAC_IRQHandler
                0x08000d98       0x14 ./Core/Src/stm32h7xx_it.o
                0x08000d98                TIM6_DAC_IRQHandler
 .text.SystemInit
                0x08000dac      0x140 ./Core/Src/system_stm32h7xx.o
                0x08000dac                SystemInit
 .text.ExitRun0Mode
                0x08000eec       0x30 ./Core/Src/system_stm32h7xx.o
                0x08000eec                ExitRun0Mode
 .text.sensors_init
                0x08000f1c       0x28 ./Core/Src/sensores/sensores.o
                0x08000f1c                sensors_init
 .text.sensors_update
                0x08000f44       0xc8 ./Core/Src/sensores/sensores.o
                0x08000f44                sensors_update
 .text.Reset_Handler
                0x0800100c       0x54 ./Core/Startup/startup_stm32h743vitx.o
                0x0800100c                Reset_Handler
 .text.Default_Handler
                0x08001060        0x2 ./Core/Startup/startup_stm32h743vitx.o
                0x08001060                RTC_Alarm_IRQHandler
                0x08001060                EXTI2_IRQHandler
                0x08001060                TIM8_CC_IRQHandler
                0x08001060                HRTIM1_Master_IRQHandler
                0x08001060                UART8_IRQHandler
                0x08001060                SPI4_IRQHandler
                0x08001060                TIM1_CC_IRQHandler
                0x08001060                BDMA_Channel6_IRQHandler
                0x08001060                DMA2_Stream5_IRQHandler
                0x08001060                HRTIM1_FLT_IRQHandler
                0x08001060                JPEG_IRQHandler
                0x08001060                DMA1_Stream5_IRQHandler
                0x08001060                BDMA_Channel1_IRQHandler
                0x08001060                HRTIM1_TIMD_IRQHandler
                0x08001060                TAMP_STAMP_IRQHandler
                0x08001060                EXTI3_IRQHandler
                0x08001060                LPTIM4_IRQHandler
                0x08001060                TIM8_TRG_COM_TIM14_IRQHandler
                0x08001060                LPTIM2_IRQHandler
                0x08001060                DFSDM1_FLT1_IRQHandler
                0x08001060                DMAMUX2_OVR_IRQHandler
                0x08001060                TIM8_UP_TIM13_IRQHandler
                0x08001060                I2C3_ER_IRQHandler
                0x08001060                DFSDM1_FLT2_IRQHandler
                0x08001060                MDMA_IRQHandler
                0x08001060                LPTIM3_IRQHandler
                0x08001060                HSEM1_IRQHandler
                0x08001060                EXTI0_IRQHandler
                0x08001060                I2C2_EV_IRQHandler
                0x08001060                DMA1_Stream2_IRQHandler
                0x08001060                FPU_IRQHandler
                0x08001060                OTG_HS_WKUP_IRQHandler
                0x08001060                FDCAN1_IT1_IRQHandler
                0x08001060                LTDC_ER_IRQHandler
                0x08001060                DMA2_Stream2_IRQHandler
                0x08001060                HRTIM1_TIME_IRQHandler
                0x08001060                SPI1_IRQHandler
                0x08001060                DCMI_IRQHandler
                0x08001060                HRTIM1_TIMC_IRQHandler
                0x08001060                DMA2_Stream3_IRQHandler
                0x08001060                SAI2_IRQHandler
                0x08001060                DFSDM1_FLT3_IRQHandler
                0x08001060                USART6_IRQHandler
                0x08001060                TIM17_IRQHandler
                0x08001060                USART3_IRQHandler
                0x08001060                BDMA_Channel7_IRQHandler
                0x08001060                LPTIM5_IRQHandler
                0x08001060                UART5_IRQHandler
                0x08001060                ADC3_IRQHandler
                0x08001060                DMA2_Stream0_IRQHandler
                0x08001060                TIM4_IRQHandler
                0x08001060                BDMA_Channel2_IRQHandler
                0x08001060                QUADSPI_IRQHandler
                0x08001060                I2C1_EV_IRQHandler
                0x08001060                DMA1_Stream6_IRQHandler
                0x08001060                DMAMUX1_OVR_IRQHandler
                0x08001060                DMA1_Stream1_IRQHandler
                0x08001060                TIM16_IRQHandler
                0x08001060                UART4_IRQHandler
                0x08001060                BDMA_Channel5_IRQHandler
                0x08001060                TIM3_IRQHandler
                0x08001060                RCC_IRQHandler
                0x08001060                TIM8_BRK_TIM12_IRQHandler
                0x08001060                TIM1_TRG_COM_IRQHandler
                0x08001060                Default_Handler
                0x08001060                ECC_IRQHandler
                0x08001060                CEC_IRQHandler
                0x08001060                EXTI15_10_IRQHandler
                0x08001060                BDMA_Channel0_IRQHandler
                0x08001060                ADC_IRQHandler
                0x08001060                DMA1_Stream7_IRQHandler
                0x08001060                HRTIM1_TIMA_IRQHandler
                0x08001060                SPI5_IRQHandler
                0x08001060                TIM7_IRQHandler
                0x08001060                SDMMC1_IRQHandler
                0x08001060                TIM5_IRQHandler
                0x08001060                DMA2_Stream7_IRQHandler
                0x08001060                TIM15_IRQHandler
                0x08001060                PVD_AVD_IRQHandler
                0x08001060                I2C3_EV_IRQHandler
                0x08001060                EXTI9_5_IRQHandler
                0x08001060                RTC_WKUP_IRQHandler
                0x08001060                LTDC_IRQHandler
                0x08001060                SAI3_IRQHandler
                0x08001060                ETH_WKUP_IRQHandler
                0x08001060                SPDIF_RX_IRQHandler
                0x08001060                SPI2_IRQHandler
                0x08001060                OTG_HS_EP1_IN_IRQHandler
                0x08001060                CRS_IRQHandler
                0x08001060                EXTI4_IRQHandler
                0x08001060                RNG_IRQHandler
                0x08001060                HRTIM1_TIMB_IRQHandler
                0x08001060                FDCAN2_IT1_IRQHandler
                0x08001060                ETH_IRQHandler
                0x08001060                TIM1_UP_IRQHandler
                0x08001060                BDMA_Channel4_IRQHandler
                0x08001060                OTG_HS_EP1_OUT_IRQHandler
                0x08001060                WWDG_IRQHandler
                0x08001060                SPI6_IRQHandler
                0x08001060                MDIOS_IRQHandler
                0x08001060                I2C4_EV_IRQHandler
                0x08001060                FDCAN2_IT0_IRQHandler
                0x08001060                LPUART1_IRQHandler
                0x08001060                FDCAN1_IT0_IRQHandler
                0x08001060                OTG_FS_WKUP_IRQHandler
                0x08001060                OTG_HS_IRQHandler
                0x08001060                DMA2D_IRQHandler
                0x08001060                TIM1_BRK_IRQHandler
                0x08001060                EXTI1_IRQHandler
                0x08001060                SDMMC2_IRQHandler
                0x08001060                OTG_FS_EP1_OUT_IRQHandler
                0x08001060                BDMA_Channel3_IRQHandler
                0x08001060                UART7_IRQHandler
                0x08001060                MDIOS_WKUP_IRQHandler
                0x08001060                USART2_IRQHandler
                0x08001060                DFSDM1_FLT0_IRQHandler
                0x08001060                SAI4_IRQHandler
                0x08001060                I2C2_ER_IRQHandler
                0x08001060                DMA2_Stream1_IRQHandler
                0x08001060                FLASH_IRQHandler
                0x08001060                DMA2_Stream4_IRQHandler
                0x08001060                USART1_IRQHandler
                0x08001060                OTG_FS_IRQHandler
                0x08001060                SPI3_IRQHandler
                0x08001060                WAKEUP_PIN_IRQHandler
                0x08001060                DMA1_Stream4_IRQHandler
                0x08001060                OTG_FS_EP1_IN_IRQHandler
                0x08001060                I2C1_ER_IRQHandler
                0x08001060                FMC_IRQHandler
                0x08001060                FDCAN_CAL_IRQHandler
                0x08001060                SWPMI1_IRQHandler
                0x08001060                COMP1_IRQHandler
                0x08001060                LPTIM1_IRQHandler
                0x08001060                I2C4_ER_IRQHandler
                0x08001060                DMA2_Stream6_IRQHandler
                0x08001060                SAI1_IRQHandler
                0x08001060                DMA1_Stream3_IRQHandler
 *fill*         0x08001062        0x2 
 .text.HAL_Init
                0x08001064       0x78 ./Drivers/STM32H7xx_HAL_Driver/Src/stm32h7xx_hal.o
                0x08001064                HAL_Init
 .text.HAL_InitTick
                0x080010dc       0x6c ./Drivers/STM32H7xx_HAL_Driver/Src/stm32h7xx_hal.o
                0x080010dc                HAL_InitTick
 .text.HAL_IncTick
                0x08001148       0x28 ./Drivers/STM32H7xx_HAL_Driver/Src/stm32h7xx_hal.o
                0x08001148                HAL_IncTick
 .text.HAL_GetTick
                0x08001170       0x18 ./Drivers/STM32H7xx_HAL_Driver/Src/stm32h7xx_hal.o
                0x08001170                HAL_GetTick
 .text.HAL_GetREVID
                0x08001188       0x18 ./Drivers/STM32H7xx_HAL_Driver/Src/stm32h7xx_hal.o
                0x08001188                HAL_GetREVID
 .text.LL_ADC_SetCommonClock
                0x080011a0       0x26 ./Drivers/STM32H7xx_HAL_Driver/Src/stm32h7xx_hal_adc.o
 .text.LL_ADC_SetCommonPathInternalCh
                0x080011c6       0x26 ./Drivers/STM32H7xx_HAL_Driver/Src/stm32h7xx_hal_adc.o
 .text.LL_ADC_GetCommonPathInternalCh
                0x080011ec       0x1c ./Drivers/STM32H7xx_HAL_Driver/Src/stm32h7xx_hal_adc.o
 .text.LL_ADC_SetChannelPreselection
                0x08001208       0x66 ./Drivers/STM32H7xx_HAL_Driver/Src/stm32h7xx_hal_adc.o
 .text.LL_ADC_SetOffset
                0x0800126e       0x40 ./Drivers/STM32H7xx_HAL_Driver/Src/stm32h7xx_hal_adc.o
 .text.LL_ADC_SetDataRightShift
                0x080012ae       0x32 ./Drivers/STM32H7xx_HAL_Driver/Src/stm32h7xx_hal_adc.o
 .text.LL_ADC_SetOffsetSignedSaturation
                0x080012e0       0x36 ./Drivers/STM32H7xx_HAL_Driver/Src/stm32h7xx_hal_adc.o
 .text.LL_ADC_REG_IsTriggerSourceSWStart
                0x08001316       0x26 ./Drivers/STM32H7xx_HAL_Driver/Src/stm32h7xx_hal_adc.o
 .text.LL_ADC_REG_SetSequencerRanks
                0x0800133c       0x58 ./Drivers/STM32H7xx_HAL_Driver/Src/stm32h7xx_hal_adc.o
 .text.LL_ADC_REG_SetDataTransferMode
                0x08001394       0x26 ./Drivers/STM32H7xx_HAL_Driver/Src/stm32h7xx_hal_adc.o
 .text.LL_ADC_SetChannelSamplingTime
                0x080013ba       0x56 ./Drivers/STM32H7xx_HAL_Driver/Src/stm32h7xx_hal_adc.o
 .text.LL_ADC_SetChannelSingleDiff
                0x08001410       0x48 ./Drivers/STM32H7xx_HAL_Driver/Src/stm32h7xx_hal_adc.o
 .text.LL_ADC_GetMultimode
                0x08001458       0x1c ./Drivers/STM32H7xx_HAL_Driver/Src/stm32h7xx_hal_adc.o
 .text.LL_ADC_DisableDeepPowerDown
                0x08001474       0x24 ./Drivers/STM32H7xx_HAL_Driver/Src/stm32h7xx_hal_adc.o
 .text.LL_ADC_IsDeepPowerDownEnabled
                0x08001498       0x28 ./Drivers/STM32H7xx_HAL_Driver/Src/stm32h7xx_hal_adc.o
 .text.LL_ADC_EnableInternalRegulator
                0x080014c0       0x28 ./Drivers/STM32H7xx_HAL_Driver/Src/stm32h7xx_hal_adc.o
 .text.LL_ADC_IsInternalRegulatorEnabled
                0x080014e8       0x28 ./Drivers/STM32H7xx_HAL_Driver/Src/stm32h7xx_hal_adc.o
 .text.LL_ADC_Enable
                0x08001510       0x28 ./Drivers/STM32H7xx_HAL_Driver/Src/stm32h7xx_hal_adc.o
 .text.LL_ADC_Disable
                0x08001538       0x28 ./Drivers/STM32H7xx_HAL_Driver/Src/stm32h7xx_hal_adc.o
 .text.LL_ADC_IsEnabled
                0x08001560       0x26 ./Drivers/STM32H7xx_HAL_Driver/Src/stm32h7xx_hal_adc.o
 .text.LL_ADC_IsDisableOngoing
                0x08001586       0x26 ./Drivers/STM32H7xx_HAL_Driver/Src/stm32h7xx_hal_adc.o
 .text.LL_ADC_REG_StartConversion
                0x080015ac       0x28 ./Drivers/STM32H7xx_HAL_Driver/Src/stm32h7xx_hal_adc.o
 .text.LL_ADC_REG_IsConversionOngoing
                0x080015d4       0x26 ./Drivers/STM32H7xx_HAL_Driver/Src/stm32h7xx_hal_adc.o
 .text.LL_ADC_INJ_IsConversionOngoing
                0x080015fa       0x26 ./Drivers/STM32H7xx_HAL_Driver/Src/stm32h7xx_hal_adc.o
 .text.HAL_ADC_Init
                0x08001620      0x344 ./Drivers/STM32H7xx_HAL_Driver/Src/stm32h7xx_hal_adc.o
                0x08001620                HAL_ADC_Init
 .text.HAL_ADC_Start_DMA
                0x08001964      0x188 ./Drivers/STM32H7xx_HAL_Driver/Src/stm32h7xx_hal_adc.o
                0x08001964                HAL_ADC_Start_DMA
 .text.HAL_ADC_ConvCpltCallback
                0x08001aec       0x14 ./Drivers/STM32H7xx_HAL_Driver/Src/stm32h7xx_hal_adc.o
                0x08001aec                HAL_ADC_ConvCpltCallback
 .text.HAL_ADC_ConvHalfCpltCallback
                0x08001b00       0x14 ./Drivers/STM32H7xx_HAL_Driver/Src/stm32h7xx_hal_adc.o
                0x08001b00                HAL_ADC_ConvHalfCpltCallback
 .text.HAL_ADC_ErrorCallback
                0x08001b14       0x14 ./Drivers/STM32H7xx_HAL_Driver/Src/stm32h7xx_hal_adc.o
                0x08001b14                HAL_ADC_ErrorCallback
 .text.HAL_ADC_ConfigChannel
                0x08001b28      0x5e0 ./Drivers/STM32H7xx_HAL_Driver/Src/stm32h7xx_hal_adc.o
                0x08001b28                HAL_ADC_ConfigChannel
 .text.ADC_Enable
                0x08002108      0x114 ./Drivers/STM32H7xx_HAL_Driver/Src/stm32h7xx_hal_adc.o
                0x08002108                ADC_Enable
 .text.ADC_Disable
                0x0800221c       0xbe ./Drivers/STM32H7xx_HAL_Driver/Src/stm32h7xx_hal_adc.o
                0x0800221c                ADC_Disable
 .text.ADC_DMAConvCplt
                0x080022da       0xd8 ./Drivers/STM32H7xx_HAL_Driver/Src/stm32h7xx_hal_adc.o
                0x080022da                ADC_DMAConvCplt
 .text.ADC_DMAHalfConvCplt
                0x080023b2       0x1c ./Drivers/STM32H7xx_HAL_Driver/Src/stm32h7xx_hal_adc.o
                0x080023b2                ADC_DMAHalfConvCplt
 .text.ADC_DMAError
                0x080023ce       0x34 ./Drivers/STM32H7xx_HAL_Driver/Src/stm32h7xx_hal_adc.o
                0x080023ce                ADC_DMAError
 *fill*         0x08002402        0x2 
 .text.ADC_ConfigureBoostMode
                0x08002404      0x218 ./Drivers/STM32H7xx_HAL_Driver/Src/stm32h7xx_hal_adc.o
                0x08002404                ADC_ConfigureBoostMode
 .text.LL_ADC_IsEnabled
                0x0800261c       0x26 ./Drivers/STM32H7xx_HAL_Driver/Src/stm32h7xx_hal_adc_ex.o
 *fill*         0x08002642        0x2 
 .text.LL_ADC_StartCalibration
                0x08002644       0x3c ./Drivers/STM32H7xx_HAL_Driver/Src/stm32h7xx_hal_adc_ex.o
 .text.LL_ADC_IsCalibrationOnGoing
                0x08002680       0x28 ./Drivers/STM32H7xx_HAL_Driver/Src/stm32h7xx_hal_adc_ex.o
 .text.LL_ADC_REG_IsConversionOngoing
                0x080026a8       0x26 ./Drivers/STM32H7xx_HAL_Driver/Src/stm32h7xx_hal_adc_ex.o
 *fill*         0x080026ce        0x2 
 .text.HAL_ADCEx_Calibration_Start
                0x080026d0       0xc8 ./Drivers/STM32H7xx_HAL_Driver/Src/stm32h7xx_hal_adc_ex.o
                0x080026d0                HAL_ADCEx_Calibration_Start
 .text.HAL_ADCEx_MultiModeConfigChannel
                0x08002798      0x1bc ./Drivers/STM32H7xx_HAL_Driver/Src/stm32h7xx_hal_adc_ex.o
                0x08002798                HAL_ADCEx_MultiModeConfigChannel
 .text.__NVIC_SetPriorityGrouping
                0x08002954       0x48 ./Drivers/STM32H7xx_HAL_Driver/Src/stm32h7xx_hal_cortex.o
 .text.__NVIC_GetPriorityGrouping
                0x0800299c       0x1c ./Drivers/STM32H7xx_HAL_Driver/Src/stm32h7xx_hal_cortex.o
 .text.__NVIC_EnableIRQ
                0x080029b8       0x3c ./Drivers/STM32H7xx_HAL_Driver/Src/stm32h7xx_hal_cortex.o
 .text.__NVIC_SetPriority
                0x080029f4       0x54 ./Drivers/STM32H7xx_HAL_Driver/Src/stm32h7xx_hal_cortex.o
 .text.NVIC_EncodePriority
                0x08002a48       0x66 ./Drivers/STM32H7xx_HAL_Driver/Src/stm32h7xx_hal_cortex.o
 *fill*         0x08002aae        0x2 
 .text.SysTick_Config
                0x08002ab0       0x44 ./Drivers/STM32H7xx_HAL_Driver/Src/stm32h7xx_hal_cortex.o
 .text.HAL_NVIC_SetPriorityGrouping
                0x08002af4       0x16 ./Drivers/STM32H7xx_HAL_Driver/Src/stm32h7xx_hal_cortex.o
                0x08002af4                HAL_NVIC_SetPriorityGrouping
 .text.HAL_NVIC_SetPriority
                0x08002b0a       0x34 ./Drivers/STM32H7xx_HAL_Driver/Src/stm32h7xx_hal_cortex.o
                0x08002b0a                HAL_NVIC_SetPriority
 .text.HAL_NVIC_EnableIRQ
                0x08002b3e       0x1c ./Drivers/STM32H7xx_HAL_Driver/Src/stm32h7xx_hal_cortex.o
                0x08002b3e                HAL_NVIC_EnableIRQ
 .text.HAL_SYSTICK_Config
                0x08002b5a       0x18 ./Drivers/STM32H7xx_HAL_Driver/Src/stm32h7xx_hal_cortex.o
                0x08002b5a                HAL_SYSTICK_Config
 *fill*         0x08002b72        0x2 
 .text.HAL_MPU_Disable
                0x08002b74       0x30 ./Drivers/STM32H7xx_HAL_Driver/Src/stm32h7xx_hal_cortex.o
                0x08002b74                HAL_MPU_Disable
 .text.HAL_MPU_Enable
                0x08002ba4       0x40 ./Drivers/STM32H7xx_HAL_Driver/Src/stm32h7xx_hal_cortex.o
                0x08002ba4                HAL_MPU_Enable
 .text.HAL_MPU_ConfigRegion
                0x08002be4       0x80 ./Drivers/STM32H7xx_HAL_Driver/Src/stm32h7xx_hal_cortex.o
                0x08002be4                HAL_MPU_ConfigRegion
 .text.HAL_DMA_Init
                0x08002c64      0x6b8 ./Drivers/STM32H7xx_HAL_Driver/Src/stm32h7xx_hal_dma.o
                0x08002c64                HAL_DMA_Init
 .text.HAL_DMA_Start_IT
                0x0800331c      0x4d4 ./Drivers/STM32H7xx_HAL_Driver/Src/stm32h7xx_hal_dma.o
                0x0800331c                HAL_DMA_Start_IT
 .text.HAL_DMA_IRQHandler
                0x080037f0      0xe54 ./Drivers/STM32H7xx_HAL_Driver/Src/stm32h7xx_hal_dma.o
                0x080037f0                HAL_DMA_IRQHandler
 .text.DMA_SetConfig
                0x08004644      0x358 ./Drivers/STM32H7xx_HAL_Driver/Src/stm32h7xx_hal_dma.o
 .text.DMA_CalcBaseAndBitshift
                0x0800499c      0x164 ./Drivers/STM32H7xx_HAL_Driver/Src/stm32h7xx_hal_dma.o
 .text.DMA_CheckFifoParam
                0x08004b00       0xf8 ./Drivers/STM32H7xx_HAL_Driver/Src/stm32h7xx_hal_dma.o
 .text.DMA_CalcDMAMUXChannelBaseAndMask
                0x08004bf8      0x134 ./Drivers/STM32H7xx_HAL_Driver/Src/stm32h7xx_hal_dma.o
 .text.DMA_CalcDMAMUXRequestGenBaseAndMask
                0x08004d2c       0xe8 ./Drivers/STM32H7xx_HAL_Driver/Src/stm32h7xx_hal_dma.o
 .text.HAL_GPIO_Init
                0x08004e14      0x360 ./Drivers/STM32H7xx_HAL_Driver/Src/stm32h7xx_hal_gpio.o
                0x08004e14                HAL_GPIO_Init
 .text.HAL_GPIO_WritePin
                0x08005174       0x32 ./Drivers/STM32H7xx_HAL_Driver/Src/stm32h7xx_hal_gpio.o
                0x08005174                HAL_GPIO_WritePin
 *fill*         0x080051a6        0x2 
 .text.HAL_PWREx_ConfigSupply
                0x080051a8       0x74 ./Drivers/STM32H7xx_HAL_Driver/Src/stm32h7xx_hal_pwr_ex.o
                0x080051a8                HAL_PWREx_ConfigSupply
 .text.HAL_RCC_OscConfig
                0x0800521c      0x8b4 ./Drivers/STM32H7xx_HAL_Driver/Src/stm32h7xx_hal_rcc.o
                0x0800521c                HAL_RCC_OscConfig
 .text.HAL_RCC_ClockConfig
                0x08005ad0      0x36c ./Drivers/STM32H7xx_HAL_Driver/Src/stm32h7xx_hal_rcc.o
                0x08005ad0                HAL_RCC_ClockConfig
 .text.HAL_RCC_GetSysClockFreq
                0x08005e3c      0x2f4 ./Drivers/STM32H7xx_HAL_Driver/Src/stm32h7xx_hal_rcc.o
                0x08005e3c                HAL_RCC_GetSysClockFreq
 .text.HAL_RCC_GetHCLKFreq
                0x08006130       0x60 ./Drivers/STM32H7xx_HAL_Driver/Src/stm32h7xx_hal_rcc.o
                0x08006130                HAL_RCC_GetHCLKFreq
 .text.HAL_RCC_GetPCLK1Freq
                0x08006190       0x2c ./Drivers/STM32H7xx_HAL_Driver/Src/stm32h7xx_hal_rcc.o
                0x08006190                HAL_RCC_GetPCLK1Freq
 .text.HAL_RCCEx_PeriphCLKConfig
                0x080061bc     0x1414 ./Drivers/STM32H7xx_HAL_Driver/Src/stm32h7xx_hal_rcc_ex.o
                0x080061bc                HAL_RCCEx_PeriphCLKConfig
 .text.HAL_RCCEx_GetPeriphCLKFreq
                0x080075d0      0xb00 ./Drivers/STM32H7xx_HAL_Driver/Src/stm32h7xx_hal_rcc_ex.o
                0x080075d0                HAL_RCCEx_GetPeriphCLKFreq
 .text.HAL_RCCEx_GetD3PCLK1Freq
                0x080080d0       0x2c ./Drivers/STM32H7xx_HAL_Driver/Src/stm32h7xx_hal_rcc_ex.o
                0x080080d0                HAL_RCCEx_GetD3PCLK1Freq
 .text.HAL_RCCEx_GetPLL2ClockFreq
                0x080080fc      0x2a8 ./Drivers/STM32H7xx_HAL_Driver/Src/stm32h7xx_hal_rcc_ex.o
                0x080080fc                HAL_RCCEx_GetPLL2ClockFreq
 .text.HAL_RCCEx_GetPLL3ClockFreq
                0x080083a4      0x2a8 ./Drivers/STM32H7xx_HAL_Driver/Src/stm32h7xx_hal_rcc_ex.o
                0x080083a4                HAL_RCCEx_GetPLL3ClockFreq
 .text.HAL_RCCEx_GetPLL1ClockFreq
                0x0800864c      0x2a4 ./Drivers/STM32H7xx_HAL_Driver/Src/stm32h7xx_hal_rcc_ex.o
                0x0800864c                HAL_RCCEx_GetPLL1ClockFreq
 .text.RCCEx_PLL2_Config
                0x080088f0      0x164 ./Drivers/STM32H7xx_HAL_Driver/Src/stm32h7xx_hal_rcc_ex.o
 .text.RCCEx_PLL3_Config
                0x08008a54      0x164 ./Drivers/STM32H7xx_HAL_Driver/Src/stm32h7xx_hal_rcc_ex.o
 .text.HAL_TIM_Base_Init
                0x08008bb8       0xae ./Drivers/STM32H7xx_HAL_Driver/Src/stm32h7xx_hal_tim.o
                0x08008bb8                HAL_TIM_Base_Init
 *fill*         0x08008c66        0x2 
 .text.HAL_TIM_Base_Start_IT
                0x08008c68       0xf0 ./Drivers/STM32H7xx_HAL_Driver/Src/stm32h7xx_hal_tim.o
                0x08008c68                HAL_TIM_Base_Start_IT
 .text.HAL_TIM_IC_Init
                0x08008d58       0xae ./Drivers/STM32H7xx_HAL_Driver/Src/stm32h7xx_hal_tim.o
                0x08008d58                HAL_TIM_IC_Init
 .text.HAL_TIM_IC_MspInit
                0x08008e06       0x14 ./Drivers/STM32H7xx_HAL_Driver/Src/stm32h7xx_hal_tim.o
                0x08008e06                HAL_TIM_IC_MspInit
 *fill*         0x08008e1a        0x2 
 .text.HAL_TIM_IC_Start_IT
                0x08008e1c      0x2a0 ./Drivers/STM32H7xx_HAL_Driver/Src/stm32h7xx_hal_tim.o
                0x08008e1c                HAL_TIM_IC_Start_IT
 .text.HAL_TIM_IRQHandler
                0x080090bc      0x20e ./Drivers/STM32H7xx_HAL_Driver/Src/stm32h7xx_hal_tim.o
                0x080090bc                HAL_TIM_IRQHandler
 .text.HAL_TIM_IC_ConfigChannel
                0x080092ca      0x138 ./Drivers/STM32H7xx_HAL_Driver/Src/stm32h7xx_hal_tim.o
                0x080092ca                HAL_TIM_IC_ConfigChannel
 *fill*         0x08009402        0x2 
 .text.HAL_TIM_ConfigClockSource
                0x08009404      0x1f0 ./Drivers/STM32H7xx_HAL_Driver/Src/stm32h7xx_hal_tim.o
                0x08009404                HAL_TIM_ConfigClockSource
 .text.HAL_TIM_ReadCapturedValue
                0x080095f4       0x88 ./Drivers/STM32H7xx_HAL_Driver/Src/stm32h7xx_hal_tim.o
                0x080095f4                HAL_TIM_ReadCapturedValue
 .text.HAL_TIM_OC_DelayElapsedCallback
                0x0800967c       0x14 ./Drivers/STM32H7xx_HAL_Driver/Src/stm32h7xx_hal_tim.o
                0x0800967c                HAL_TIM_OC_DelayElapsedCallback
 .text.HAL_TIM_PWM_PulseFinishedCallback
                0x08009690       0x14 ./Drivers/STM32H7xx_HAL_Driver/Src/stm32h7xx_hal_tim.o
                0x08009690                HAL_TIM_PWM_PulseFinishedCallback
 .text.HAL_TIM_TriggerCallback
                0x080096a4       0x14 ./Drivers/STM32H7xx_HAL_Driver/Src/stm32h7xx_hal_tim.o
                0x080096a4                HAL_TIM_TriggerCallback
 .text.TIM_Base_SetConfig
                0x080096b8      0x140 ./Drivers/STM32H7xx_HAL_Driver/Src/stm32h7xx_hal_tim.o
                0x080096b8                TIM_Base_SetConfig
 .text.TIM_TI1_SetConfig
                0x080097f8       0xe8 ./Drivers/STM32H7xx_HAL_Driver/Src/stm32h7xx_hal_tim.o
                0x080097f8                TIM_TI1_SetConfig
 .text.TIM_TI1_ConfigInputStage
                0x080098e0       0x5e ./Drivers/STM32H7xx_HAL_Driver/Src/stm32h7xx_hal_tim.o
 .text.TIM_TI2_SetConfig
                0x0800993e       0x7a ./Drivers/STM32H7xx_HAL_Driver/Src/stm32h7xx_hal_tim.o
 .text.TIM_TI2_ConfigInputStage
                0x080099b8       0x60 ./Drivers/STM32H7xx_HAL_Driver/Src/stm32h7xx_hal_tim.o
 .text.TIM_TI3_SetConfig
                0x08009a18       0x78 ./Drivers/STM32H7xx_HAL_Driver/Src/stm32h7xx_hal_tim.o
 .text.TIM_TI4_SetConfig
                0x08009a90       0x7a ./Drivers/STM32H7xx_HAL_Driver/Src/stm32h7xx_hal_tim.o
 *fill*         0x08009b0a        0x2 
 .text.TIM_ITRx_SetConfig
                0x08009b0c       0x3c ./Drivers/STM32H7xx_HAL_Driver/Src/stm32h7xx_hal_tim.o
 .text.TIM_ETR_SetConfig
                0x08009b48       0x40 ./Drivers/STM32H7xx_HAL_Driver/Src/stm32h7xx_hal_tim.o
                0x08009b48                TIM_ETR_SetConfig
 .text.TIM_CCxChannelCmd
                0x08009b88       0x4a ./Drivers/STM32H7xx_HAL_Driver/Src/stm32h7xx_hal_tim.o
                0x08009b88                TIM_CCxChannelCmd
 *fill*         0x08009bd2        0x2 
 .text.HAL_TIMEx_MasterConfigSynchronization
                0x08009bd4      0x11c ./Drivers/STM32H7xx_HAL_Driver/Src/stm32h7xx_hal_tim_ex.o
                0x08009bd4                HAL_TIMEx_MasterConfigSynchronization
 .text.HAL_TIMEx_CommutCallback
                0x08009cf0       0x14 ./Drivers/STM32H7xx_HAL_Driver/Src/stm32h7xx_hal_tim_ex.o
                0x08009cf0                HAL_TIMEx_CommutCallback
 .text.HAL_TIMEx_BreakCallback
                0x08009d04       0x14 ./Drivers/STM32H7xx_HAL_Driver/Src/stm32h7xx_hal_tim_ex.o
                0x08009d04                HAL_TIMEx_BreakCallback
 .text.HAL_TIMEx_Break2Callback
                0x08009d18       0x14 ./Drivers/STM32H7xx_HAL_Driver/Src/stm32h7xx_hal_tim_ex.o
                0x08009d18                HAL_TIMEx_Break2Callback
 .text.memset   0x08009d2c       0x10 C:/ST/STM32CubeIDE_1.18.1/STM32CubeIDE/plugins/com.st.stm32cube.ide.mcu.externaltools.gnu-tools-for-stm32.13.3.rel1.win32_1.0.0.202411081344/tools/bin/../lib/gcc/arm-none-eabi/13.3.1/../../../../arm-none-eabi/lib/thumb/v7e-m+dp/hard\libc_nano.a(libc_a-memset.o)
                0x08009d2c                memset
 .text.__libc_init_array
                0x08009d3c       0x48 C:/ST/STM32CubeIDE_1.18.1/STM32CubeIDE/plugins/com.st.stm32cube.ide.mcu.externaltools.gnu-tools-for-stm32.13.3.rel1.win32_1.0.0.202411081344/tools/bin/../lib/gcc/arm-none-eabi/13.3.1/../../../../arm-none-eabi/lib/thumb/v7e-m+dp/hard\libc_nano.a(libc_a-init.o)
                0x08009d3c                __libc_init_array
 *(.glue_7)
 .glue_7        0x08009d84        0x0 linker stubs
 *(.glue_7t)
 .glue_7t       0x08009d84        0x0 linker stubs
 *(.eh_frame)
 .eh_frame      0x08009d84        0x0 C:/ST/STM32CubeIDE_1.18.1/STM32CubeIDE/plugins/com.st.stm32cube.ide.mcu.externaltools.gnu-tools-for-stm32.13.3.rel1.win32_1.0.0.202411081344/tools/bin/../lib/gcc/arm-none-eabi/13.3.1/thumb/v7e-m+dp/hard/crtbegin.o
 *(.init)
 .init          0x08009d84        0x4 C:/ST/STM32CubeIDE_1.18.1/STM32CubeIDE/plugins/com.st.stm32cube.ide.mcu.externaltools.gnu-tools-for-stm32.13.3.rel1.win32_1.0.0.202411081344/tools/bin/../lib/gcc/arm-none-eabi/13.3.1/thumb/v7e-m+dp/hard/crti.o
                0x08009d84                _init
 .init          0x08009d88        0x8 C:/ST/STM32CubeIDE_1.18.1/STM32CubeIDE/plugins/com.st.stm32cube.ide.mcu.externaltools.gnu-tools-for-stm32.13.3.rel1.win32_1.0.0.202411081344/tools/bin/../lib/gcc/arm-none-eabi/13.3.1/thumb/v7e-m+dp/hard/crtn.o
 *(.fini)
 .fini          0x08009d90        0x4 C:/ST/STM32CubeIDE_1.18.1/STM32CubeIDE/plugins/com.st.stm32cube.ide.mcu.externaltools.gnu-tools-for-stm32.13.3.rel1.win32_1.0.0.202411081344/tools/bin/../lib/gcc/arm-none-eabi/13.3.1/thumb/v7e-m+dp/hard/crti.o
                0x08009d90                _fini
 .fini          0x08009d94        0x8 C:/ST/STM32CubeIDE_1.18.1/STM32CubeIDE/plugins/com.st.stm32cube.ide.mcu.externaltools.gnu-tools-for-stm32.13.3.rel1.win32_1.0.0.202411081344/tools/bin/../lib/gcc/arm-none-eabi/13.3.1/thumb/v7e-m+dp/hard/crtn.o
                0x08009d9c                        . = ALIGN (0x4)
                0x08009d9c                        _etext = .

.vfp11_veneer   0x08009d9c        0x0
 .vfp11_veneer  0x08009d9c        0x0 linker stubs

.v4_bx          0x08009d9c        0x0
 .v4_bx         0x08009d9c        0x0 linker stubs

.iplt           0x08009d9c        0x0
 .iplt          0x08009d9c        0x0 C:/ST/STM32CubeIDE_1.18.1/STM32CubeIDE/plugins/com.st.stm32cube.ide.mcu.externaltools.gnu-tools-for-stm32.13.3.rel1.win32_1.0.0.202411081344/tools/bin/../lib/gcc/arm-none-eabi/13.3.1/thumb/v7e-m+dp/hard/crtbegin.o

.rodata         0x08009d9c       0x18
                0x08009d9c                        . = ALIGN (0x4)
 *(.rodata)
 *(.rodata*)
 .rodata.D1CorePrescTable
                0x08009d9c       0x10 ./Core/Src/system_stm32h7xx.o
                0x08009d9c                D1CorePrescTable
 .rodata.flagBitshiftOffset.0
                0x08009dac        0x8 ./Drivers/STM32H7xx_HAL_Driver/Src/stm32h7xx_hal_dma.o
                0x08009db4                        . = ALIGN (0x4)

.ARM.extab
 *(.ARM.extab* .gnu.linkonce.armextab.*)

.ARM            0x08009db4        0x0
                0x08009db4                        __exidx_start = .
 *(.ARM.exidx*)
                0x08009db4                        __exidx_end = .

.preinit_array  0x08009db4        0x0
                0x08009db4                        PROVIDE (__preinit_array_start = .)
 *(.preinit_array*)
                0x08009db4                        PROVIDE (__preinit_array_end = .)

.init_array     0x08009db4        0x4
                0x08009db4                        PROVIDE (__init_array_start = .)
 *(SORT_BY_NAME(.init_array.*))
 *(.init_array*)
 .init_array    0x08009db4        0x4 C:/ST/STM32CubeIDE_1.18.1/STM32CubeIDE/plugins/com.st.stm32cube.ide.mcu.externaltools.gnu-tools-for-stm32.13.3.rel1.win32_1.0.0.202411081344/tools/bin/../lib/gcc/arm-none-eabi/13.3.1/thumb/v7e-m+dp/hard/crtbegin.o
                0x08009db8                        PROVIDE (__init_array_end = .)

.fini_array     0x08009db8        0x4
                [!provide]                        PROVIDE (__fini_array_start = .)
 *(SORT_BY_NAME(.fini_array.*))
 *(.fini_array*)
 .fini_array    0x08009db8        0x4 C:/ST/STM32CubeIDE_1.18.1/STM32CubeIDE/plugins/com.st.stm32cube.ide.mcu.externaltools.gnu-tools-for-stm32.13.3.rel1.win32_1.0.0.202411081344/tools/bin/../lib/gcc/arm-none-eabi/13.3.1/thumb/v7e-m+dp/hard/crtbegin.o
                [!provide]                        PROVIDE (__fini_array_end = .)
                0x08009dbc                        _sidata = LOADADDR (.data)

.rel.dyn        0x08009dbc        0x0
 .rel.iplt      0x08009dbc        0x0 C:/ST/STM32CubeIDE_1.18.1/STM32CubeIDE/plugins/com.st.stm32cube.ide.mcu.externaltools.gnu-tools-for-stm32.13.3.rel1.win32_1.0.0.202411081344/tools/bin/../lib/gcc/arm-none-eabi/13.3.1/thumb/v7e-m+dp/hard/crtbegin.o

.data           0x24000000       0x1c load address 0x08009dbc
                0x24000000                        . = ALIGN (0x4)
                0x24000000                        _sdata = .
 *(.data)
 *(.data*)
 .data.SystemCoreClock
                0x24000000        0x4 ./Core/Src/system_stm32h7xx.o
                0x24000000                SystemCoreClock
 .data.SystemD2Clock
                0x24000004        0x4 ./Core/Src/system_stm32h7xx.o
                0x24000004                SystemD2Clock
 .data.calibration
                0x24000008        0xc ./Core/Src/sensores/calibracion/calibracion.o
                0x24000008                calibration
 .data.uwTickPrio
                0x24000014        0x4 ./Drivers/STM32H7xx_HAL_Driver/Src/stm32h7xx_hal.o
                0x24000014                uwTickPrio
 .data.uwTickFreq
                0x24000018        0x1 ./Drivers/STM32H7xx_HAL_Driver/Src/stm32h7xx_hal.o
                0x24000018                uwTickFreq
 *(.RamFunc)
 *(.RamFunc*)
                0x2400001c                        . = ALIGN (0x4)
 *fill*         0x24000019        0x3 
                0x2400001c                        _edata = .

.igot.plt       0x2400001c        0x0 load address 0x08009dd8
 .igot.plt      0x2400001c        0x0 C:/ST/STM32CubeIDE_1.18.1/STM32CubeIDE/plugins/com.st.stm32cube.ide.mcu.externaltools.gnu-tools-for-stm32.13.3.rel1.win32_1.0.0.202411081344/tools/bin/../lib/gcc/arm-none-eabi/13.3.1/thumb/v7e-m+dp/hard/crtbegin.o
                0x2400001c                        . = ALIGN (0x4)

.bss            0x2400001c      0x1bc load address 0x08009dd8
                0x2400001c                        _sbss = .
                0x2400001c                        __bss_start__ = _sbss
 *(.bss)
 .bss           0x2400001c       0x1c C:/ST/STM32CubeIDE_1.18.1/STM32CubeIDE/plugins/com.st.stm32cube.ide.mcu.externaltools.gnu-tools-for-stm32.13.3.rel1.win32_1.0.0.202411081344/tools/bin/../lib/gcc/arm-none-eabi/13.3.1/thumb/v7e-m+dp/hard/crtbegin.o
 *(.bss*)
 .bss.engine_rpm
                0x24000038        0x4 ./Core/Src/control/rpm.o
                0x24000038                engine_rpm
 .bss.last_capture
                0x2400003c        0x4 ./Core/Src/control/rpm.o
 .bss.rpm_filtered
                0x24000040        0x4 ./Core/Src/control/rpm.o
 .bss.rpm_timeout_counter
                0x24000044        0x4 ./Core/Src/control/rpm.o
 .bss.ecu_tick  0x24000048        0x1 ./Core/Src/ecu/ecu.o
                0x24000048                ecu_tick
 .bss.counter_100ms
                0x24000049        0x1 ./Core/Src/ecu/ecu.o
 .bss.counter_1s
                0x2400004a        0x2 ./Core/Src/ecu/ecu.o
 .bss.hadc1     0x2400004c       0x64 ./Core/Src/main.o
                0x2400004c                hadc1
 .bss.hdma_adc1
                0x240000b0       0x78 ./Core/Src/main.o
                0x240000b0                hdma_adc1
 .bss.htim2     0x24000128       0x4c ./Core/Src/main.o
                0x24000128                htim2
 .bss.htim6     0x24000174       0x4c ./Core/Src/main.o
                0x24000174                htim6
 .bss.adc_buffer
                0x240001c0        0x6 ./Core/Src/sensores/sensores.o
 .bss.sensors_initialized
                0x240001c6        0x1 ./Core/Src/sensores/sensores.o
 *fill*         0x240001c7        0x1 
 .bss.sensors   0x240001c8        0xa ./Core/Src/sensores/sensores.o
                0x240001c8                sensors
 *fill*         0x240001d2        0x2 
 .bss.uwTick    0x240001d4        0x4 ./Drivers/STM32H7xx_HAL_Driver/Src/stm32h7xx_hal.o
                0x240001d4                uwTick
 *(COMMON)
                0x240001d8                        . = ALIGN (0x4)
                0x240001d8                        _ebss = .
                0x240001d8                        __bss_end__ = _ebss

._user_heap_stack
                0x240001d8      0x600 load address 0x08009dd8
                0x240001d8                        . = ALIGN (0x8)
                [!provide]                        PROVIDE (end = .)
                0x240001d8                        PROVIDE (_end = .)
                0x240003d8                        . = (. + _Min_Heap_Size)
 *fill*         0x240001d8      0x200 
                0x240007d8                        . = (. + _Min_Stack_Size)
 *fill*         0x240003d8      0x400 
                0x240007d8                        . = ALIGN (0x8)

/DISCARD/
 libc.a(*)
 libm.a(*)
 libgcc.a(*)

.ARM.attributes
                0x00000000       0x2e
 *(.ARM.attributes)
 .ARM.attributes
                0x00000000       0x20 C:/ST/STM32CubeIDE_1.18.1/STM32CubeIDE/plugins/com.st.stm32cube.ide.mcu.externaltools.gnu-tools-for-stm32.13.3.rel1.win32_1.0.0.202411081344/tools/bin/../lib/gcc/arm-none-eabi/13.3.1/thumb/v7e-m+dp/hard/crti.o
 .ARM.attributes
                0x00000020       0x32 C:/ST/STM32CubeIDE_1.18.1/STM32CubeIDE/plugins/com.st.stm32cube.ide.mcu.externaltools.gnu-tools-for-stm32.13.3.rel1.win32_1.0.0.202411081344/tools/bin/../lib/gcc/arm-none-eabi/13.3.1/thumb/v7e-m+dp/hard/crtbegin.o
 .ARM.attributes
                0x00000052       0x32 ./Core/Src/control/rpm.o
 .ARM.attributes
                0x00000084       0x32 ./Core/Src/ecu/ecu.o
 .ARM.attributes
                0x000000b6       0x32 ./Core/Src/main.o
 .ARM.attributes
                0x000000e8       0x32 ./Core/Src/stm32h7xx_hal_msp.o
 .ARM.attributes
                0x0000011a       0x32 ./Core/Src/stm32h7xx_it.o
 .ARM.attributes
                0x0000014c       0x32 ./Core/Src/system_stm32h7xx.o
 .ARM.attributes
                0x0000017e       0x32 ./Core/Src/sensores/calibracion/calibracion.o
 .ARM.attributes
                0x000001b0       0x32 ./Core/Src/sensores/sensores.o
 .ARM.attributes
                0x000001e2       0x21 ./Core/Startup/startup_stm32h743vitx.o
 .ARM.attributes
                0x00000203       0x32 ./Drivers/STM32H7xx_HAL_Driver/Src/stm32h7xx_hal.o
 .ARM.attributes
                0x00000235       0x32 ./Drivers/STM32H7xx_HAL_Driver/Src/stm32h7xx_hal_adc.o
 .ARM.attributes
                0x00000267       0x32 ./Drivers/STM32H7xx_HAL_Driver/Src/stm32h7xx_hal_adc_ex.o
 .ARM.attributes
                0x00000299       0x32 ./Drivers/STM32H7xx_HAL_Driver/Src/stm32h7xx_hal_cortex.o
 .ARM.attributes
                0x000002cb       0x32 ./Drivers/STM32H7xx_HAL_Driver/Src/stm32h7xx_hal_dma.o
 .ARM.attributes
                0x000002fd       0x32 ./Drivers/STM32H7xx_HAL_Driver/Src/stm32h7xx_hal_gpio.o
 .ARM.attributes
                0x0000032f       0x32 ./Drivers/STM32H7xx_HAL_Driver/Src/stm32h7xx_hal_pwr_ex.o
 .ARM.attributes
                0x00000361       0x32 ./Drivers/STM32H7xx_HAL_Driver/Src/stm32h7xx_hal_rcc.o
 .ARM.attributes
                0x00000393       0x32 ./Drivers/STM32H7xx_HAL_Driver/Src/stm32h7xx_hal_rcc_ex.o
 .ARM.attributes
                0x000003c5       0x32 ./Drivers/STM32H7xx_HAL_Driver/Src/stm32h7xx_hal_tim.o
 .ARM.attributes
                0x000003f7       0x32 ./Drivers/STM32H7xx_HAL_Driver/Src/stm32h7xx_hal_tim_ex.o
 .ARM.attributes
                0x00000429       0x32 C:/ST/STM32CubeIDE_1.18.1/STM32CubeIDE/plugins/com.st.stm32cube.ide.mcu.externaltools.gnu-tools-for-stm32.13.3.rel1.win32_1.0.0.202411081344/tools/bin/../lib/gcc/arm-none-eabi/13.3.1/../../../../arm-none-eabi/lib/thumb/v7e-m+dp/hard\libc_nano.a(libc_a-memset.o)
 .ARM.attributes
                0x0000045b       0x32 C:/ST/STM32CubeIDE_1.18.1/STM32CubeIDE/plugins/com.st.stm32cube.ide.mcu.externaltools.gnu-tools-for-stm32.13.3.rel1.win32_1.0.0.202411081344/tools/bin/../lib/gcc/arm-none-eabi/13.3.1/../../../../arm-none-eabi/lib/thumb/v7e-m+dp/hard\libc_nano.a(libc_a-init.o)
 .ARM.attributes
                0x0000048d       0x20 C:/ST/STM32CubeIDE_1.18.1/STM32CubeIDE/plugins/com.st.stm32cube.ide.mcu.externaltools.gnu-tools-for-stm32.13.3.rel1.win32_1.0.0.202411081344/tools/bin/../lib/gcc/arm-none-eabi/13.3.1/thumb/v7e-m+dp/hard/crtn.o
OUTPUT(PROYECTOSEISCIENTOS1.elf elf32-littlearm)
LOAD linker stubs
LOAD C:/ST/STM32CubeIDE_1.18.1/STM32CubeIDE/plugins/com.st.stm32cube.ide.mcu.externaltools.gnu-tools-for-stm32.13.3.rel1.win32_1.0.0.202411081344/tools/bin/../lib/gcc/arm-none-eabi/13.3.1/../../../../arm-none-eabi/lib/thumb/v7e-m+dp/hard\libc.a
LOAD C:/ST/STM32CubeIDE_1.18.1/STM32CubeIDE/plugins/com.st.stm32cube.ide.mcu.externaltools.gnu-tools-for-stm32.13.3.rel1.win32_1.0.0.202411081344/tools/bin/../lib/gcc/arm-none-eabi/13.3.1/../../../../arm-none-eabi/lib/thumb/v7e-m+dp/hard\libm.a
LOAD C:/ST/STM32CubeIDE_1.18.1/STM32CubeIDE/plugins/com.st.stm32cube.ide.mcu.externaltools.gnu-tools-for-stm32.13.3.rel1.win32_1.0.0.202411081344/tools/bin/../lib/gcc/arm-none-eabi/13.3.1/thumb/v7e-m+dp/hard\libgcc.a

.debug_info     0x00000000    0x14e8b
 .debug_info    0x00000000      0x163 ./Core/Src/control/rpm.o
 .debug_info    0x00000163      0x21f ./Core/Src/ecu/ecu.o
 .debug_info    0x00000382     0x206d ./Core/Src/main.o
 .debug_info    0x000023ef     0x1a4c ./Core/Src/stm32h7xx_hal_msp.o
 .debug_info    0x00003e3b      0x862 ./Core/Src/stm32h7xx_it.o
 .debug_info    0x0000469d      0xdb2 ./Core/Src/system_stm32h7xx.o
 .debug_info    0x0000544f       0xf3 ./Core/Src/sensores/calibracion/calibracion.o
 .debug_info    0x00005542      0xa3f ./Core/Src/sensores/sensores.o
 .debug_info    0x00005f81       0x30 ./Core/Startup/startup_stm32h743vitx.o
 .debug_info    0x00005fb1     0x153b ./Drivers/STM32H7xx_HAL_Driver/Src/stm32h7xx_hal.o
 .debug_info    0x000074ec     0x1d84 ./Drivers/STM32H7xx_HAL_Driver/Src/stm32h7xx_hal_adc.o
 .debug_info    0x00009270     0x1ea5 ./Drivers/STM32H7xx_HAL_Driver/Src/stm32h7xx_hal_adc_ex.o
 .debug_info    0x0000b115     0x10b1 ./Drivers/STM32H7xx_HAL_Driver/Src/stm32h7xx_hal_cortex.o
 .debug_info    0x0000c1c6      0xc31 ./Drivers/STM32H7xx_HAL_Driver/Src/stm32h7xx_hal_dma.o
 .debug_info    0x0000cdf7      0xc5a ./Drivers/STM32H7xx_HAL_Driver/Src/stm32h7xx_hal_gpio.o
 .debug_info    0x0000da51     0x1012 ./Drivers/STM32H7xx_HAL_Driver/Src/stm32h7xx_hal_pwr_ex.o
 .debug_info    0x0000ea63      0xe6a ./Drivers/STM32H7xx_HAL_Driver/Src/stm32h7xx_hal_rcc.o
 .debug_info    0x0000f8cd     0x1225 ./Drivers/STM32H7xx_HAL_Driver/Src/stm32h7xx_hal_rcc_ex.o
 .debug_info    0x00010af2     0x2bae ./Drivers/STM32H7xx_HAL_Driver/Src/stm32h7xx_hal_tim.o
 .debug_info    0x000136a0     0x17eb ./Drivers/STM32H7xx_HAL_Driver/Src/stm32h7xx_hal_tim_ex.o

.debug_abbrev   0x00000000     0x296d
 .debug_abbrev  0x00000000       0xbd ./Core/Src/control/rpm.o
 .debug_abbrev  0x000000bd      0x118 ./Core/Src/ecu/ecu.o
 .debug_abbrev  0x000001d5      0x328 ./Core/Src/main.o
 .debug_abbrev  0x000004fd      0x261 ./Core/Src/stm32h7xx_hal_msp.o
 .debug_abbrev  0x0000075e      0x192 ./Core/Src/stm32h7xx_it.o
 .debug_abbrev  0x000008f0      0x165 ./Core/Src/system_stm32h7xx.o
 .debug_abbrev  0x00000a55       0x7b ./Core/Src/sensores/calibracion/calibracion.o
 .debug_abbrev  0x00000ad0      0x1a4 ./Core/Src/sensores/sensores.o
 .debug_abbrev  0x00000c74       0x24 ./Core/Startup/startup_stm32h743vitx.o
 .debug_abbrev  0x00000c98      0x295 ./Drivers/STM32H7xx_HAL_Driver/Src/stm32h7xx_hal.o
 .debug_abbrev  0x00000f2d      0x2d1 ./Drivers/STM32H7xx_HAL_Driver/Src/stm32h7xx_hal_adc.o
 .debug_abbrev  0x000011fe      0x31a ./Drivers/STM32H7xx_HAL_Driver/Src/stm32h7xx_hal_adc_ex.o
 .debug_abbrev  0x00001518      0x339 ./Drivers/STM32H7xx_HAL_Driver/Src/stm32h7xx_hal_cortex.o
 .debug_abbrev  0x00001851      0x248 ./Drivers/STM32H7xx_HAL_Driver/Src/stm32h7xx_hal_dma.o
 .debug_abbrev  0x00001a99      0x205 ./Drivers/STM32H7xx_HAL_Driver/Src/stm32h7xx_hal_gpio.o
 .debug_abbrev  0x00001c9e      0x2a7 ./Drivers/STM32H7xx_HAL_Driver/Src/stm32h7xx_hal_pwr_ex.o
 .debug_abbrev  0x00001f45      0x2c8 ./Drivers/STM32H7xx_HAL_Driver/Src/stm32h7xx_hal_rcc.o
 .debug_abbrev  0x0000220d      0x269 ./Drivers/STM32H7xx_HAL_Driver/Src/stm32h7xx_hal_rcc_ex.o
 .debug_abbrev  0x00002476      0x276 ./Drivers/STM32H7xx_HAL_Driver/Src/stm32h7xx_hal_tim.o
 .debug_abbrev  0x000026ec      0x281 ./Drivers/STM32H7xx_HAL_Driver/Src/stm32h7xx_hal_tim_ex.o

.debug_aranges  0x00000000     0x1228
 .debug_aranges
                0x00000000       0x30 ./Core/Src/control/rpm.o
 .debug_aranges
                0x00000030       0x28 ./Core/Src/ecu/ecu.o
 .debug_aranges
                0x00000058       0x70 ./Core/Src/main.o
 .debug_aranges
                0x000000c8       0x40 ./Core/Src/stm32h7xx_hal_msp.o
 .debug_aranges
                0x00000108       0x78 ./Core/Src/stm32h7xx_it.o
 .debug_aranges
                0x00000180       0x30 ./Core/Src/system_stm32h7xx.o
 .debug_aranges
                0x000001b0       0x18 ./Core/Src/sensores/calibracion/calibracion.o
 .debug_aranges
                0x000001c8       0x28 ./Core/Src/sensores/sensores.o
 .debug_aranges
                0x000001f0       0x28 ./Core/Startup/startup_stm32h743vitx.o
 .debug_aranges
                0x00000218      0x198 ./Drivers/STM32H7xx_HAL_Driver/Src/stm32h7xx_hal.o
 .debug_aranges
                0x000003b0      0x230 ./Drivers/STM32H7xx_HAL_Driver/Src/stm32h7xx_hal_adc.o
 .debug_aranges
                0x000005e0      0x1e0 ./Drivers/STM32H7xx_HAL_Driver/Src/stm32h7xx_hal_adc_ex.o
 .debug_aranges
                0x000007c0      0x130 ./Drivers/STM32H7xx_HAL_Driver/Src/stm32h7xx_hal_cortex.o
 .debug_aranges
                0x000008f0       0xa0 ./Drivers/STM32H7xx_HAL_Driver/Src/stm32h7xx_hal_dma.o
 .debug_aranges
                0x00000990       0x58 ./Drivers/STM32H7xx_HAL_Driver/Src/stm32h7xx_hal_gpio.o
 .debug_aranges
                0x000009e8      0x158 ./Drivers/STM32H7xx_HAL_Driver/Src/stm32h7xx_hal_pwr_ex.o
 .debug_aranges
                0x00000b40       0x88 ./Drivers/STM32H7xx_HAL_Driver/Src/stm32h7xx_hal_rcc.o
 .debug_aranges
                0x00000bc8       0xf8 ./Drivers/STM32H7xx_HAL_Driver/Src/stm32h7xx_hal_rcc_ex.o
 .debug_aranges
                0x00000cc0      0x3e0 ./Drivers/STM32H7xx_HAL_Driver/Src/stm32h7xx_hal_tim.o
 .debug_aranges
                0x000010a0      0x188 ./Drivers/STM32H7xx_HAL_Driver/Src/stm32h7xx_hal_tim_ex.o

.debug_rnglists
                0x00000000      0xdea
 .debug_rnglists
                0x00000000       0x20 ./Core/Src/control/rpm.o
 .debug_rnglists
                0x00000020       0x19 ./Core/Src/ecu/ecu.o
 .debug_rnglists
                0x00000039       0x53 ./Core/Src/main.o
 .debug_rnglists
                0x0000008c       0x2d ./Core/Src/stm32h7xx_hal_msp.o
 .debug_rnglists
                0x000000b9       0x55 ./Core/Src/stm32h7xx_it.o
 .debug_rnglists
                0x0000010e       0x21 ./Core/Src/system_stm32h7xx.o
 .debug_rnglists
                0x0000012f       0x1a ./Core/Src/sensores/sensores.o
 .debug_rnglists
                0x00000149       0x19 ./Core/Startup/startup_stm32h743vitx.o
 .debug_rnglists
                0x00000162      0x131 ./Drivers/STM32H7xx_HAL_Driver/Src/stm32h7xx_hal.o
 .debug_rnglists
                0x00000293      0x1af ./Drivers/STM32H7xx_HAL_Driver/Src/stm32h7xx_hal_adc.o
 .debug_rnglists
                0x00000442      0x175 ./Drivers/STM32H7xx_HAL_Driver/Src/stm32h7xx_hal_adc_ex.o
 .debug_rnglists
                0x000005b7       0xe0 ./Drivers/STM32H7xx_HAL_Driver/Src/stm32h7xx_hal_cortex.o
 .debug_rnglists
                0x00000697       0x82 ./Drivers/STM32H7xx_HAL_Driver/Src/stm32h7xx_hal_dma.o
 .debug_rnglists
                0x00000719       0x3f ./Drivers/STM32H7xx_HAL_Driver/Src/stm32h7xx_hal_gpio.o
 .debug_rnglists
                0x00000758      0x103 ./Drivers/STM32H7xx_HAL_Driver/Src/stm32h7xx_hal_pwr_ex.o
 .debug_rnglists
                0x0000085b       0x68 ./Drivers/STM32H7xx_HAL_Driver/Src/stm32h7xx_hal_rcc.o
 .debug_rnglists
                0x000008c3       0xc0 ./Drivers/STM32H7xx_HAL_Driver/Src/stm32h7xx_hal_rcc_ex.o
 .debug_rnglists
                0x00000983      0x328 ./Drivers/STM32H7xx_HAL_Driver/Src/stm32h7xx_hal_tim.o
 .debug_rnglists
                0x00000cab      0x13f ./Drivers/STM32H7xx_HAL_Driver/Src/stm32h7xx_hal_tim_ex.o

.debug_macro    0x00000000    0x38966
 .debug_macro   0x00000000       0x8b ./Core/Src/control/rpm.o
 .debug_macro   0x0000008b      0xaf6 ./Core/Src/control/rpm.o
 .debug_macro   0x00000b81       0x22 ./Core/Src/control/rpm.o
 .debug_macro   0x00000ba3       0x8e ./Core/Src/control/rpm.o
 .debug_macro   0x00000c31       0x51 ./Core/Src/control/rpm.o
 .debug_macro   0x00000c82      0x103 ./Core/Src/control/rpm.o
 .debug_macro   0x00000d85       0x6a ./Core/Src/control/rpm.o
 .debug_macro   0x00000def      0x1df ./Core/Src/control/rpm.o
 .debug_macro   0x00000fce      0x2e3 ./Core/Src/ecu/ecu.o
 .debug_macro   0x000012b1      0x238 ./Core/Src/ecu/ecu.o
 .debug_macro   0x000014e9       0x2e ./Core/Src/ecu/ecu.o
 .debug_macro   0x00001517       0x3b ./Core/Src/ecu/ecu.o
 .debug_macro   0x00001552       0x1c ./Core/Src/ecu/ecu.o
 .debug_macro   0x0000156e       0x22 ./Core/Src/ecu/ecu.o
 .debug_macro   0x00001590       0xfb ./Core/Src/ecu/ecu.o
 .debug_macro   0x0000168b     0x1305 ./Core/Src/ecu/ecu.o
 .debug_macro   0x00002990      0x11f ./Core/Src/ecu/ecu.o
 .debug_macro   0x00002aaf       0x27 ./Core/Src/ecu/ecu.o
 .debug_macro   0x00002ad6    0x25b9b ./Core/Src/ecu/ecu.o
 .debug_macro   0x00028671       0x6d ./Core/Src/ecu/ecu.o
 .debug_macro   0x000286de     0x3d79 ./Core/Src/ecu/ecu.o
 .debug_macro   0x0002c457      0x190 ./Core/Src/ecu/ecu.o
 .debug_macro   0x0002c5e7       0x61 ./Core/Src/ecu/ecu.o
 .debug_macro   0x0002c648       0x29 ./Core/Src/ecu/ecu.o
 .debug_macro   0x0002c671       0x43 ./Core/Src/ecu/ecu.o
 .debug_macro   0x0002c6b4       0x34 ./Core/Src/ecu/ecu.o
 .debug_macro   0x0002c6e8      0x370 ./Core/Src/ecu/ecu.o
 .debug_macro   0x0002ca58       0x16 ./Core/Src/ecu/ecu.o
 .debug_macro   0x0002ca6e       0x4a ./Core/Src/ecu/ecu.o
 .debug_macro   0x0002cab8       0x34 ./Core/Src/ecu/ecu.o
 .debug_macro   0x0002caec       0x10 ./Core/Src/ecu/ecu.o
 .debug_macro   0x0002cafc       0x58 ./Core/Src/ecu/ecu.o
 .debug_macro   0x0002cb54       0x8e ./Core/Src/ecu/ecu.o
 .debug_macro   0x0002cbe2       0x1c ./Core/Src/ecu/ecu.o
 .debug_macro   0x0002cbfe      0x185 ./Core/Src/ecu/ecu.o
 .debug_macro   0x0002cd83      0x19b ./Core/Src/ecu/ecu.o
 .debug_macro   0x0002cf1e       0x5d ./Core/Src/ecu/ecu.o
 .debug_macro   0x0002cf7b     0x2382 ./Core/Src/ecu/ecu.o
 .debug_macro   0x0002f2fd     0x102c ./Core/Src/ecu/ecu.o
 .debug_macro   0x00030329      0x154 ./Core/Src/ecu/ecu.o
 .debug_macro   0x0003047d      0x114 ./Core/Src/ecu/ecu.o
 .debug_macro   0x00030591      0x3b6 ./Core/Src/ecu/ecu.o
 .debug_macro   0x00030947       0xac ./Core/Src/ecu/ecu.o
 .debug_macro   0x000309f3      0x72d ./Core/Src/ecu/ecu.o
 .debug_macro   0x00031120      0x228 ./Core/Src/ecu/ecu.o
 .debug_macro   0x00031348       0x66 ./Core/Src/ecu/ecu.o
 .debug_macro   0x000313ae      0x3bb ./Core/Src/ecu/ecu.o
 .debug_macro   0x00031769      0x3e4 ./Core/Src/ecu/ecu.o
 .debug_macro   0x00031b4d      0x275 ./Core/Src/ecu/ecu.o
 .debug_macro   0x00031dc2     0x1044 ./Core/Src/ecu/ecu.o
 .debug_macro   0x00032e06      0x6cc ./Core/Src/ecu/ecu.o
 .debug_macro   0x000334d2      0x383 ./Core/Src/ecu/ecu.o
 .debug_macro   0x00033855      0x3ca ./Core/Src/ecu/ecu.o
 .debug_macro   0x00033c1f      0x408 ./Core/Src/ecu/ecu.o
 .debug_macro   0x00034027       0x51 ./Core/Src/ecu/ecu.o
 .debug_macro   0x00034078       0x4a ./Core/Src/ecu/ecu.o
 .debug_macro   0x000340c2      0x22c ./Core/Src/ecu/ecu.o
 .debug_macro   0x000342ee       0x67 ./Core/Src/ecu/ecu.o
 .debug_macro   0x00034355       0xa5 ./Core/Src/ecu/ecu.o
 .debug_macro   0x000343fa      0x1c4 ./Core/Src/ecu/ecu.o
 .debug_macro   0x000345be      0x25e ./Core/Src/ecu/ecu.o
 .debug_macro   0x0003481c       0x35 ./Core/Src/ecu/ecu.o
 .debug_macro   0x00034851      0xafa ./Core/Src/ecu/ecu.o
 .debug_macro   0x0003534b      0x29f ./Core/Src/ecu/ecu.o
 .debug_macro   0x000355ea      0x5ac ./Core/Src/ecu/ecu.o
 .debug_macro   0x00035b96       0x64 ./Core/Src/ecu/ecu.o
 .debug_macro   0x00035bfa      0x2d9 ./Core/Src/main.o
 .debug_macro   0x00035ed3      0x2c5 ./Core/Src/stm32h7xx_hal_msp.o
 .debug_macro   0x00036198      0x2cf ./Core/Src/stm32h7xx_it.o
 .debug_macro   0x00036467      0x2b6 ./Core/Src/system_stm32h7xx.o
 .debug_macro   0x0003671d       0x6d ./Core/Src/sensores/calibracion/calibracion.o
 .debug_macro   0x0003678a      0x2d9 ./Core/Src/sensores/sensores.o
 .debug_macro   0x00036a63      0x2e0 ./Drivers/STM32H7xx_HAL_Driver/Src/stm32h7xx_hal.o
 .debug_macro   0x00036d43      0x2da ./Drivers/STM32H7xx_HAL_Driver/Src/stm32h7xx_hal_adc.o
 .debug_macro   0x0003701d      0x2c2 ./Drivers/STM32H7xx_HAL_Driver/Src/stm32h7xx_hal_adc_ex.o
 .debug_macro   0x000372df      0x2b6 ./Drivers/STM32H7xx_HAL_Driver/Src/stm32h7xx_hal_cortex.o
 .debug_macro   0x00037595      0x30a ./Drivers/STM32H7xx_HAL_Driver/Src/stm32h7xx_hal_dma.o
 .debug_macro   0x0003789f      0x2bd ./Drivers/STM32H7xx_HAL_Driver/Src/stm32h7xx_hal_gpio.o
 .debug_macro   0x00037b5c      0x2ef ./Drivers/STM32H7xx_HAL_Driver/Src/stm32h7xx_hal_pwr_ex.o
 .debug_macro   0x00037e4b      0x2da ./Drivers/STM32H7xx_HAL_Driver/Src/stm32h7xx_hal_rcc.o
 .debug_macro   0x00038125      0x2d4 ./Drivers/STM32H7xx_HAL_Driver/Src/stm32h7xx_hal_rcc_ex.o
 .debug_macro   0x000383f9      0x2b7 ./Drivers/STM32H7xx_HAL_Driver/Src/stm32h7xx_hal_tim.o
 .debug_macro   0x000386b0      0x2b6 ./Drivers/STM32H7xx_HAL_Driver/Src/stm32h7xx_hal_tim_ex.o

.debug_line     0x00000000    0x17f8f
 .debug_line    0x00000000      0x4a2 ./Core/Src/control/rpm.o
 .debug_line    0x000004a2      0x998 ./Core/Src/ecu/ecu.o
 .debug_line    0x00000e3a      0xc0f ./Core/Src/main.o
 .debug_line    0x00001a49      0xa25 ./Core/Src/stm32h7xx_hal_msp.o
 .debug_line    0x0000246e      0x9e5 ./Core/Src/stm32h7xx_it.o
 .debug_line    0x00002e53      0xaed ./Core/Src/system_stm32h7xx.o
 .debug_line    0x00003940      0x440 ./Core/Src/sensores/calibracion/calibracion.o
 .debug_line    0x00003d80      0x9be ./Core/Src/sensores/sensores.o
 .debug_line    0x0000473e       0x7b ./Core/Startup/startup_stm32h743vitx.o
 .debug_line    0x000047b9      0xec6 ./Drivers/STM32H7xx_HAL_Driver/Src/stm32h7xx_hal.o
 .debug_line    0x0000567f     0x2394 ./Drivers/STM32H7xx_HAL_Driver/Src/stm32h7xx_hal_adc.o
 .debug_line    0x00007a13     0x1f60 ./Drivers/STM32H7xx_HAL_Driver/Src/stm32h7xx_hal_adc_ex.o
 .debug_line    0x00009973      0xeb0 ./Drivers/STM32H7xx_HAL_Driver/Src/stm32h7xx_hal_cortex.o
 .debug_line    0x0000a823     0x2847 ./Drivers/STM32H7xx_HAL_Driver/Src/stm32h7xx_hal_dma.o
 .debug_line    0x0000d06a      0xd4f ./Drivers/STM32H7xx_HAL_Driver/Src/stm32h7xx_hal_gpio.o
 .debug_line    0x0000ddb9     0x104a ./Drivers/STM32H7xx_HAL_Driver/Src/stm32h7xx_hal_pwr_ex.o
 .debug_line    0x0000ee03     0x156d ./Drivers/STM32H7xx_HAL_Driver/Src/stm32h7xx_hal_rcc.o
 .debug_line    0x00010370     0x1e79 ./Drivers/STM32H7xx_HAL_Driver/Src/stm32h7xx_hal_rcc_ex.o
 .debug_line    0x000121e9     0x401a ./Drivers/STM32H7xx_HAL_Driver/Src/stm32h7xx_hal_tim.o
 .debug_line    0x00016203     0x1d8c ./Drivers/STM32H7xx_HAL_Driver/Src/stm32h7xx_hal_tim_ex.o

.debug_str      0x00000000   0x1712bf
 .debug_str     0x00000000   0x1712bf ./Core/Src/control/rpm.o
                               0x3ee5 (size before relaxing)
 .debug_str     0x001712bf   0x16ae18 ./Core/Src/ecu/ecu.o
 .debug_str     0x001712bf   0x16c85b ./Core/Src/main.o
 .debug_str     0x001712bf   0x16c579 ./Core/Src/stm32h7xx_hal_msp.o
 .debug_str     0x001712bf   0x16b45f ./Core/Src/stm32h7xx_it.o
 .debug_str     0x001712bf   0x16b12c ./Core/Src/system_stm32h7xx.o
 .debug_str     0x001712bf     0x3e82 ./Core/Src/sensores/calibracion/calibracion.o
 .debug_str     0x001712bf   0x16b4bf ./Core/Src/sensores/sensores.o
 .debug_str     0x001712bf       0x68 ./Core/Startup/startup_stm32h743vitx.o
 .debug_str     0x001712bf   0x16c003 ./Drivers/STM32H7xx_HAL_Driver/Src/stm32h7xx_hal.o
 .debug_str     0x001712bf   0x16beaa ./Drivers/STM32H7xx_HAL_Driver/Src/stm32h7xx_hal_adc.o
 .debug_str     0x001712bf   0x16bee9 ./Drivers/STM32H7xx_HAL_Driver/Src/stm32h7xx_hal_adc_ex.o
 .debug_str     0x001712bf   0x16ba3e ./Drivers/STM32H7xx_HAL_Driver/Src/stm32h7xx_hal_cortex.o
 .debug_str     0x001712bf   0x16b827 ./Drivers/STM32H7xx_HAL_Driver/Src/stm32h7xx_hal_dma.o
 .debug_str     0x001712bf   0x16b0a4 ./Drivers/STM32H7xx_HAL_Driver/Src/stm32h7xx_hal_gpio.o
 .debug_str     0x001712bf   0x16b565 ./Drivers/STM32H7xx_HAL_Driver/Src/stm32h7xx_hal_pwr_ex.o
 .debug_str     0x001712bf   0x16b488 ./Drivers/STM32H7xx_HAL_Driver/Src/stm32h7xx_hal_rcc.o
 .debug_str     0x001712bf   0x16b969 ./Drivers/STM32H7xx_HAL_Driver/Src/stm32h7xx_hal_rcc_ex.o
 .debug_str     0x001712bf   0x16c227 ./Drivers/STM32H7xx_HAL_Driver/Src/stm32h7xx_hal_tim.o
 .debug_str     0x001712bf   0x16bb4f ./Drivers/STM32H7xx_HAL_Driver/Src/stm32h7xx_hal_tim_ex.o

.comment        0x00000000       0x43
 .comment       0x00000000       0x43 ./Core/Src/control/rpm.o
                                 0x44 (size before relaxing)
 .comment       0x00000043       0x44 ./Core/Src/ecu/ecu.o
 .comment       0x00000043       0x44 ./Core/Src/main.o
 .comment       0x00000043       0x44 ./Core/Src/stm32h7xx_hal_msp.o
 .comment       0x00000043       0x44 ./Core/Src/stm32h7xx_it.o
 .comment       0x00000043       0x44 ./Core/Src/system_stm32h7xx.o
 .comment       0x00000043       0x44 ./Core/Src/sensores/calibracion/calibracion.o
 .comment       0x00000043       0x44 ./Core/Src/sensores/sensores.o
 .comment       0x00000043       0x44 ./Drivers/STM32H7xx_HAL_Driver/Src/stm32h7xx_hal.o
 .comment       0x00000043       0x44 ./Drivers/STM32H7xx_HAL_Driver/Src/stm32h7xx_hal_adc.o
 .comment       0x00000043       0x44 ./Drivers/STM32H7xx_HAL_Driver/Src/stm32h7xx_hal_adc_ex.o
 .comment       0x00000043       0x44 ./Drivers/STM32H7xx_HAL_Driver/Src/stm32h7xx_hal_cortex.o
 .comment       0x00000043       0x44 ./Drivers/STM32H7xx_HAL_Driver/Src/stm32h7xx_hal_dma.o
 .comment       0x00000043       0x44 ./Drivers/STM32H7xx_HAL_Driver/Src/stm32h7xx_hal_gpio.o
 .comment       0x00000043       0x44 ./Drivers/STM32H7xx_HAL_Driver/Src/stm32h7xx_hal_pwr_ex.o
 .comment       0x00000043       0x44 ./Drivers/STM32H7xx_HAL_Driver/Src/stm32h7xx_hal_rcc.o
 .comment       0x00000043       0x44 ./Drivers/STM32H7xx_HAL_Driver/Src/stm32h7xx_hal_rcc_ex.o
 .comment       0x00000043       0x44 ./Drivers/STM32H7xx_HAL_Driver/Src/stm32h7xx_hal_tim.o
 .comment       0x00000043       0x44 ./Drivers/STM32H7xx_HAL_Driver/Src/stm32h7xx_hal_tim_ex.o

.debug_frame    0x00000000     0x4cac
 .debug_frame   0x00000000       0x78 ./Core/Src/control/rpm.o
 .debug_frame   0x00000078       0x50 ./Core/Src/ecu/ecu.o
 .debug_frame   0x000000c8      0x18c ./Core/Src/main.o
 .debug_frame   0x00000254       0xcc ./Core/Src/stm32h7xx_hal_msp.o
 .debug_frame   0x00000320      0x158 ./Core/Src/stm32h7xx_it.o
 .debug_frame   0x00000478       0x78 ./Core/Src/system_stm32h7xx.o
 .debug_frame   0x000004f0       0x54 ./Core/Src/sensores/sensores.o
 .debug_frame   0x00000544      0x690 ./Drivers/STM32H7xx_HAL_Driver/Src/stm32h7xx_hal.o
 .debug_frame   0x00000bd4      0xa50 ./Drivers/STM32H7xx_HAL_Driver/Src/stm32h7xx_hal_adc.o
 .debug_frame   0x00001624      0x8b4 ./Drivers/STM32H7xx_HAL_Driver/Src/stm32h7xx_hal_adc_ex.o
 .debug_frame   0x00001ed8      0x508 ./Drivers/STM32H7xx_HAL_Driver/Src/stm32h7xx_hal_cortex.o
 .debug_frame   0x000023e0      0x2b4 ./Drivers/STM32H7xx_HAL_Driver/Src/stm32h7xx_hal_dma.o
 .debug_frame   0x00002694      0x14c ./Drivers/STM32H7xx_HAL_Driver/Src/stm32h7xx_hal_gpio.o
 .debug_frame   0x000027e0      0x580 ./Drivers/STM32H7xx_HAL_Driver/Src/stm32h7xx_hal_pwr_ex.o
 .debug_frame   0x00002d60      0x1f8 ./Drivers/STM32H7xx_HAL_Driver/Src/stm32h7xx_hal_rcc.o
 .debug_frame   0x00002f58      0x414 ./Drivers/STM32H7xx_HAL_Driver/Src/stm32h7xx_hal_rcc_ex.o
 .debug_frame   0x0000336c     0x121c ./Drivers/STM32H7xx_HAL_Driver/Src/stm32h7xx_hal_tim.o
 .debug_frame   0x00004588      0x6d8 ./Drivers/STM32H7xx_HAL_Driver/Src/stm32h7xx_hal_tim_ex.o
 .debug_frame   0x00004c60       0x20 C:/ST/STM32CubeIDE_1.18.1/STM32CubeIDE/plugins/com.st.stm32cube.ide.mcu.externaltools.gnu-tools-for-stm32.13.3.rel1.win32_1.0.0.202411081344/tools/bin/../lib/gcc/arm-none-eabi/13.3.1/../../../../arm-none-eabi/lib/thumb/v7e-m+dp/hard\libc_nano.a(libc_a-memset.o)
 .debug_frame   0x00004c80       0x2c C:/ST/STM32CubeIDE_1.18.1/STM32CubeIDE/plugins/com.st.stm32cube.ide.mcu.externaltools.gnu-tools-for-stm32.13.3.rel1.win32_1.0.0.202411081344/tools/bin/../lib/gcc/arm-none-eabi/13.3.1/../../../../arm-none-eabi/lib/thumb/v7e-m+dp/hard\libc_nano.a(libc_a-init.o)

.debug_line_str
                0x00000000       0x4c
 .debug_line_str
                0x00000000       0x4c ./Core/Startup/startup_stm32h743vitx.o
