../Core/Src/main.c:75:5:main	8	static
../Core/Src/main.c:134:6:SystemClock_Config	120	static
../Core/Src/main.c:189:13:MX_ADC1_Init	48	static
../Core/Src/main.c:276:13:MX_TIM2_Init	56	static
../Core/Src/main.c:334:13:MX_TIM6_Init	24	static
../Core/Src/main.c:370:13:MX_DMA_Init	16	static
../Core/Src/main.c:388:13:MX_GPIO_Init	48	static
../Core/Src/main.c:430:6:HAL_TIM_PeriodElapsedCallback	16	static
../Core/Src/main.c:442:6:HAL_TIM_IC_CaptureCallback	24	static
../Core/Src/main.c:460:6:MPU_Config	24	static
../Core/Src/main.c:491:6:Error_Handler	4	static,ignoring_inline_asm
